// Jest Snapshot v1, https://goo.gl/fbAQLP

exports[`<Divider> should render correctly 1`] = `
<span
  class="sc-bdVaJa eOeOIj"
  style="width:30px"
/>
`;
